2025-08-31 0
2025-08-31 1
2025-08-31 2
2025-08-31 3
2025-08-31 4
2025-08-31 5
2025-08-31 6
2025-08-31 7
2025-09-01 0
2025-09-01 1
2025-09-01 2
2025-09-01 3
2025-09-01 4
2025-09-01 5
2025-09-01 6
2025-09-01 7
2025-09-09 0
2025-09-09 1
2025-09-09 2
2025-09-09 3
2025-09-09 4
2025-09-09 5
2025-09-09 6
2025-09-09 7
2025-09-17 0
2025-09-17 1
2025-09-17 2
2025-09-17 3
2025-09-17 4
2025-09-17 5
2025-09-17 6
2025-09-17 7
2025-09-18 0
2025-09-18 1
2025-09-18 2
2025-09-18 3
2025-09-18 4
2025-09-18 5
2025-09-18 6
2025-09-18 7
2025-09-24 0
2025-09-24 1
2025-09-24 2
2025-09-24 3
2025-09-24 4
2025-09-24 5
2025-09-24 6
2025-09-24 7
2025-09-25 0
2025-09-25 1
2025-09-25 2
2025-09-25 3
2025-09-25 4
2025-09-25 5
2025-09-25 6
2025-09-25 7
2025-09-26 0
2025-09-26 1
2025-09-26 2
2025-09-26 3
2025-09-26 4
2025-09-26 5
2025-09-26 6
2025-09-26 7
2025-09-27 0
2025-09-27 1
2025-09-27 2
2025-09-27 3
2025-09-27 4
2025-09-27 5
2025-09-27 6
2025-09-27 7
2025-09-30 0
2025-09-30 1
2025-09-30 2
2025-09-30 3
2025-09-30 4
2025-09-30 5
2025-09-30 6
2025-09-30 7
2025-10-01 0
2025-10-01 1
2025-10-01 2
2025-10-01 3
2025-10-01 4
2025-10-01 5
2025-10-01 6
2025-10-01 7
2025-10-02 0
2025-10-02 1
2025-10-02 2
2025-10-02 3
2025-10-02 4
2025-10-02 5
2025-10-02 6
2025-10-02 7
2025-10-07 0
2025-10-07 1
2025-10-07 2
2025-10-07 3
2025-10-07 4
2025-10-07 5
2025-10-07 6
2025-10-07 7
2025-10-08 0
2025-10-08 1
2025-10-08 2
2025-10-08 3
2025-10-08 4
2025-10-08 5
2025-10-08 6
2025-10-08 7
2025-10-09 0
2025-10-09 1
2025-10-09 2
2025-10-09 3
2025-10-09 4
2025-10-09 5
2025-10-09 6
2025-10-09 7
2025-10-10 0
2025-10-10 1
2025-10-10 2
2025-10-10 3
2025-10-10 4
2025-10-10 5
2025-10-10 6
2025-10-10 7
2025-10-14 0
2025-10-14 1
2025-10-14 2
2025-10-14 3
2025-10-14 4
2025-10-14 5
2025-10-14 6
2025-10-14 7
2025-10-15 0
2025-10-15 1
2025-10-15 2
